Archive member included to satisfy reference by file (symbol)

C:/ST/STM32CubeIDE_1.15.1/STM32CubeIDE/plugins/com.st.stm32cube.ide.mcu.externaltools.gnu-tools-for-stm32.12.3.rel1.win32_1.0.100.202403111256/tools/bin/../lib/gcc/arm-none-eabi/12.3.1/../../../../arm-none-eabi/lib/thumb/v7e-m/nofp\libc_nano.a(libc_a-exit.o)
                              C:/ST/STM32CubeIDE_1.15.1/STM32CubeIDE/plugins/com.st.stm32cube.ide.mcu.externaltools.gnu-tools-for-stm32.12.3.rel1.win32_1.0.100.202403111256/tools/bin/../lib/gcc/arm-none-eabi/12.3.1/../../../../arm-none-eabi/lib/thumb/v7e-m/nofp/crt0.o (exit)
C:/ST/STM32CubeIDE_1.15.1/STM32CubeIDE/plugins/com.st.stm32cube.ide.mcu.externaltools.gnu-tools-for-stm32.12.3.rel1.win32_1.0.100.202403111256/tools/bin/../lib/gcc/arm-none-eabi/12.3.1/../../../../arm-none-eabi/lib/thumb/v7e-m/nofp\libc_nano.a(libc_a-findfp.o)
                              C:/ST/STM32CubeIDE_1.15.1/STM32CubeIDE/plugins/com.st.stm32cube.ide.mcu.externaltools.gnu-tools-for-stm32.12.3.rel1.win32_1.0.100.202403111256/tools/bin/../lib/gcc/arm-none-eabi/12.3.1/../../../../arm-none-eabi/lib/thumb/v7e-m/nofp\libc_nano.a(libc_a-exit.o) (__stdio_exit_handler)
C:/ST/STM32CubeIDE_1.15.1/STM32CubeIDE/plugins/com.st.stm32cube.ide.mcu.externaltools.gnu-tools-for-stm32.12.3.rel1.win32_1.0.100.202403111256/tools/bin/../lib/gcc/arm-none-eabi/12.3.1/../../../../arm-none-eabi/lib/thumb/v7e-m/nofp\libc_nano.a(libc_a-fwalk.o)
                              C:/ST/STM32CubeIDE_1.15.1/STM32CubeIDE/plugins/com.st.stm32cube.ide.mcu.externaltools.gnu-tools-for-stm32.12.3.rel1.win32_1.0.100.202403111256/tools/bin/../lib/gcc/arm-none-eabi/12.3.1/../../../../arm-none-eabi/lib/thumb/v7e-m/nofp\libc_nano.a(libc_a-findfp.o) (_fwalk_sglue)
C:/ST/STM32CubeIDE_1.15.1/STM32CubeIDE/plugins/com.st.stm32cube.ide.mcu.externaltools.gnu-tools-for-stm32.12.3.rel1.win32_1.0.100.202403111256/tools/bin/../lib/gcc/arm-none-eabi/12.3.1/../../../../arm-none-eabi/lib/thumb/v7e-m/nofp\libc_nano.a(libc_a-stdio.o)
                              C:/ST/STM32CubeIDE_1.15.1/STM32CubeIDE/plugins/com.st.stm32cube.ide.mcu.externaltools.gnu-tools-for-stm32.12.3.rel1.win32_1.0.100.202403111256/tools/bin/../lib/gcc/arm-none-eabi/12.3.1/../../../../arm-none-eabi/lib/thumb/v7e-m/nofp\libc_nano.a(libc_a-findfp.o) (__sread)
C:/ST/STM32CubeIDE_1.15.1/STM32CubeIDE/plugins/com.st.stm32cube.ide.mcu.externaltools.gnu-tools-for-stm32.12.3.rel1.win32_1.0.100.202403111256/tools/bin/../lib/gcc/arm-none-eabi/12.3.1/../../../../arm-none-eabi/lib/thumb/v7e-m/nofp\libc_nano.a(libc_a-memset.o)
                              C:/ST/STM32CubeIDE_1.15.1/STM32CubeIDE/plugins/com.st.stm32cube.ide.mcu.externaltools.gnu-tools-for-stm32.12.3.rel1.win32_1.0.100.202403111256/tools/bin/../lib/gcc/arm-none-eabi/12.3.1/../../../../arm-none-eabi/lib/thumb/v7e-m/nofp/crt0.o (memset)
C:/ST/STM32CubeIDE_1.15.1/STM32CubeIDE/plugins/com.st.stm32cube.ide.mcu.externaltools.gnu-tools-for-stm32.12.3.rel1.win32_1.0.100.202403111256/tools/bin/../lib/gcc/arm-none-eabi/12.3.1/../../../../arm-none-eabi/lib/thumb/v7e-m/nofp\libc_nano.a(libc_a-closer.o)
                              C:/ST/STM32CubeIDE_1.15.1/STM32CubeIDE/plugins/com.st.stm32cube.ide.mcu.externaltools.gnu-tools-for-stm32.12.3.rel1.win32_1.0.100.202403111256/tools/bin/../lib/gcc/arm-none-eabi/12.3.1/../../../../arm-none-eabi/lib/thumb/v7e-m/nofp\libc_nano.a(libc_a-stdio.o) (_close_r)
C:/ST/STM32CubeIDE_1.15.1/STM32CubeIDE/plugins/com.st.stm32cube.ide.mcu.externaltools.gnu-tools-for-stm32.12.3.rel1.win32_1.0.100.202403111256/tools/bin/../lib/gcc/arm-none-eabi/12.3.1/../../../../arm-none-eabi/lib/thumb/v7e-m/nofp\libc_nano.a(libc_a-reent.o)
                              C:/ST/STM32CubeIDE_1.15.1/STM32CubeIDE/plugins/com.st.stm32cube.ide.mcu.externaltools.gnu-tools-for-stm32.12.3.rel1.win32_1.0.100.202403111256/tools/bin/../lib/gcc/arm-none-eabi/12.3.1/../../../../arm-none-eabi/lib/thumb/v7e-m/nofp\libc_nano.a(libc_a-closer.o) (errno)
C:/ST/STM32CubeIDE_1.15.1/STM32CubeIDE/plugins/com.st.stm32cube.ide.mcu.externaltools.gnu-tools-for-stm32.12.3.rel1.win32_1.0.100.202403111256/tools/bin/../lib/gcc/arm-none-eabi/12.3.1/../../../../arm-none-eabi/lib/thumb/v7e-m/nofp\libc_nano.a(libc_a-impure.o)
                              C:/ST/STM32CubeIDE_1.15.1/STM32CubeIDE/plugins/com.st.stm32cube.ide.mcu.externaltools.gnu-tools-for-stm32.12.3.rel1.win32_1.0.100.202403111256/tools/bin/../lib/gcc/arm-none-eabi/12.3.1/../../../../arm-none-eabi/lib/thumb/v7e-m/nofp\libc_nano.a(libc_a-reent.o) (_impure_ptr)
C:/ST/STM32CubeIDE_1.15.1/STM32CubeIDE/plugins/com.st.stm32cube.ide.mcu.externaltools.gnu-tools-for-stm32.12.3.rel1.win32_1.0.100.202403111256/tools/bin/../lib/gcc/arm-none-eabi/12.3.1/../../../../arm-none-eabi/lib/thumb/v7e-m/nofp\libc_nano.a(libc_a-lseekr.o)
[...]
Memory Configuration

Name             Origin             Length             Attributes
RAM              0x20000000         0x00020000         xrw
FLASH            0x08000000         0x00080000         xr
*default*        0x00000000         0xffffffff

Linker script and memory map

LOAD C:/ST/STM32CubeIDE_1.15.1/STM32CubeIDE/plugins/com.st.stm32cube.ide.mcu.externaltools.gnu-tools-for-stm32.12.3.rel1.win32_1.0.100.202403111256/tools/bin/../lib/gcc/arm-none-eabi/12.3.1/thumb/v7e-m/nofp/crti.o
LOAD C:/ST/STM32CubeIDE_1.15.1/STM32CubeIDE/plugins/com.st.stm32cube.ide.mcu.externaltools.gnu-tools-for-stm32.12.3.rel1.win32_1.0.100.202403111256/tools/bin/../lib/gcc/arm-none-eabi/12.3.1/thumb/v7e-m/nofp/crtbegin.o
LOAD C:/ST/STM32CubeIDE_1.15.1/STM32CubeIDE/plugins/com.st.stm32cube.ide.mcu.externaltools.gnu-tools-for-stm32.12.3.rel1.win32_1.0.100.202403111256/tools/bin/../lib/gcc/arm-none-eabi/12.3.1/../../../../arm-none-eabi/lib/thumb/v7e-m/nofp/crt0.o
LOAD ./Inc/button.o
LOAD ./Inc/clock.o
LOAD ./Inc/led.o
LOAD ./Inc/pwm.o
LOAD ./Inc/usart.o
LOAD ./Src/main.o
LOAD ./Src/syscalls.o
LOAD ./Src/sysmem.o
LOAD ./Startup/startup_stm32f446retx.o
START GROUP
LOAD C:/ST/STM32CubeIDE_1.15.1/STM32CubeIDE/plugins/com.st.stm32cube.ide.mcu.externaltools.gnu-tools-for-stm32.12.3.rel1.win32_1.0.100.202403111256/tools/bin/../lib/gcc/arm-none-eabi/12.3.1/../../../../arm-none-eabi/lib/thumb/v7e-m/nofp\libc_nano.a
LOAD C:/ST/STM32CubeIDE_1.15.1/STM32CubeIDE/plugins/com.st.stm32cube.ide.mcu.externaltools.gnu-tools-for-stm32.12.3.rel1.win32_1.0.100.202403111256/tools/bin/../lib/gcc/arm-none-eabi/12.3.1/../../../../arm-none-eabi/lib/thumb/v7e-m/nofp\libm.a
END GROUP
START GROUP
LOAD C:/ST/STM32CubeIDE_1.15.1/STM32CubeIDE/plugins/com.st.stm32cube.ide.mcu.externaltools.gnu-tools-for-stm32.12.3.rel1.win32_1.0.100.202403111256/tools/bin/../lib/gcc/arm-none-eabi/12.3.1/thumb/v7e-m/nofp\libgcc.a
LOAD C:/ST/STM32CubeIDE_1.15.1/STM32CubeIDE/plugins/com.st.stm32cube.ide.mcu.externaltools.gnu-tools-for-stm32.12.3.rel1.win32_1.0.100.202403111256/tools/bin/../lib/gcc/arm-none-eabi/12.3.1/../../../../arm-none-eabi/lib/thumb/v7e-m/nofp\libc_nano.a
END GROUP
START GROUP
LOAD C:/ST/STM32CubeIDE_1.15.1/STM32CubeIDE/plugins/com.st.stm32cube.ide.mcu.externaltools.gnu-tools-for-stm32.12.3.rel1.win32_1.0.100.202403111256/tools/bin/../lib/gcc/arm-none-eabi/12.3.1/thumb/v7e-m/nofp\libgcc.a
LOAD C:/ST/STM32CubeIDE_1.15.1/STM32CubeIDE/plugins/com.st.stm32cube.ide.mcu.externaltools.gnu-tools-for-stm32.12.3.rel1.win32_1.0.100.202403111256/tools/bin/../lib/gcc/arm-none-eabi/12.3.1/../../../../arm-none-eabi/lib/thumb/v7e-m/nofp\libc_nano.a
LOAD C:/ST/STM32CubeIDE_1.15.1/STM32CubeIDE/plugins/com.st.stm32cube.ide.mcu.externaltools.gnu-tools-for-stm32.12.3.rel1.win32_1.0.100.202403111256/tools/bin/../lib/gcc/arm-none-eabi/12.3.1/../../../../arm-none-eabi/lib/thumb/v7e-m/nofp\libnosys.a
END GROUP
START GROUP
LOAD C:/ST/STM32CubeIDE_1.15.1/STM32CubeIDE/plugins/com.st.stm32cube.ide.mcu.externaltools.gnu-tools-for-stm32.12.3.rel1.win32_1.0.100.202403111256/tools/bin/../lib/gcc/arm-none-eabi/12.3.1/thumb/v7e-m/nofp\libgcc.a
LOAD C:/ST/STM32CubeIDE_1.15.1/STM32CubeIDE/plugins/com.st.stm32cube.ide.mcu.externaltools.gnu-tools-for-stm32.12.3.rel1.win32_1.0.100.202403111256/tools/bin/../lib/gcc/arm-none-eabi/12.3.1/../../../../arm-none-eabi/lib/thumb/v7e-m/nofp\libc_nano.a
LOAD C:/ST/STM32CubeIDE_1.15.1/STM32CubeIDE/plugins/com.st.stm32cube.ide.mcu.externaltools.gnu-tools-for-stm32.12.3.rel1.win32_1.0.100.202403111256/tools/bin/../lib/gcc/arm-none-eabi/12.3.1/../../../../arm-none-eabi/lib/thumb/v7e-m/nofp\libnosys.a
END GROUP
LOAD C:/ST/STM32CubeIDE_1.15.1/STM32CubeIDE/plugins/com.st.stm32cube.ide.mcu.externaltools.gnu-tools-for-stm32.12.3.rel1.win32_1.0.100.202403111256/tools/bin/../lib/gcc/arm-none-eabi/12.3.1/thumb/v7e-m/nofp/crtend.o
LOAD C:/ST/STM32CubeIDE_1.15.1/STM32CubeIDE/plugins/com.st.stm32cube.ide.mcu.externaltools.gnu-tools-for-stm32.12.3.rel1.win32_1.0.100.202403111256/tools/bin/../lib/gcc/arm-none-eabi/12.3.1/thumb/v7e-m/nofp/crtn.o
                0x20020000                        _estack = (ORIGIN (RAM) + LENGTH (RAM))
                0x00000200                        _Min_Heap_Size = 0x200
                0x00000400                        _Min_Stack_Size = 0x400

.isr_vector     0x08000000      0x1c4
                0x08000000                        . = ALIGN (0x4)
 *(.isr_vector)
 .isr_vector    0x08000000      0x1c4 ./Startup/startup_stm32f446retx.o
                0x08000000                g_pfnVectors
                0x080001c4                        . = ALIGN (0x4)

.text           0x080001c4      0x87c
                0x080001c4                        . = ALIGN (0x4)
 *(.text)
 .text          0x080001c4       0x40 C:/ST/STM32CubeIDE_1.15.1/STM32CubeIDE/plugins/com.st.stm32cube.ide.mcu.externaltools.gnu-tools-for-stm32.12.3.rel1.win32_1.0.100.202403111256/tools/bin/../lib/gcc/arm-none-eabi/12.3.1/thumb/v7e-m/nofp/crtbegin.o
 .text          0x08000204      0x21c C:/ST/STM32CubeIDE_1.15.1/STM32CubeIDE/plugins/com.st.stm32cube.ide.mcu.externaltools.gnu-tools-for-stm32.12.3.rel1.win32_1.0.100.202403111256/tools/bin/../lib/gcc/arm-none-eabi/12.3.1/thumb/v7e-m/nofp\libgcc.a(_arm_addsubsf3.o)
                0x08000204                __aeabi_frsub
                0x0800020c                __subsf3
                0x0800020c                __aeabi_fsub
                0x08000210                __aeabi_fadd
                0x08000210                __addsf3
                0x08000370                __aeabi_ui2f
                0x08000370                __floatunsisf
                0x08000378                __aeabi_i2f
                0x08000378                __floatsisf
                0x08000394                __aeabi_ul2f
                0x08000394                __floatundisf
                0x080003a4                __aeabi_l2f
                0x080003a4                __floatdisf
 .text          0x08000420       0x40 C:/ST/STM32CubeIDE_1.15.1/STM32CubeIDE/plugins/com.st.stm32cube.ide.mcu.externaltools.gnu-tools-for-stm32.12.3.rel1.win32_1.0.100.202403111256/tools/bin/../lib/gcc/arm-none-eabi/12.3.1/thumb/v7e-m/nofp\libgcc.a(_arm_fixunssfsi.o)
                0x08000420                __fixunssfsi
                0x08000420                __aeabi_f2uiz
 *(.text*)
 .text.int_btn_pressed
                0x08000460       0x24 ./Inc/button.o
                0x08000460                int_btn_pressed
 .text.ext_btn_pressed
                0x08000484       0x24 ./Inc/button.o
                0x08000484                ext_btn_pressed
 .text.SysClockConfig
                0x080004a8       0xb4 ./Inc/clock.o
                0x080004a8                SysClockConfig
 .text.delay    0x0800055c       0x34 ./Inc/led.o
                0x0800055c                delay
 .text.LED_init
                0x08000590       0x50 ./Inc/led.o
                0x08000590                LED_init
 .text.blink    0x080005e0       0x30 ./Inc/led.o
                0x080005e0                blink
 .text.LED_Blinking
                0x08000610       0x64 ./Inc/led.o
                0x08000610                LED_Blinking
 .text.PWM_config
                0x08000674       0x74 ./Inc/pwm.o
                0x08000674                PWM_config
 .text.start_PWM_output
                0x080006e8       0x90 ./Inc/pwm.o
                0x080006e8                start_PWM_output
 .text.UART2_SendChar
                0x08000778       0x30 ./Inc/usart.o
                0x08000778                UART2_SendChar
 .text.UART2_SendString
                0x080007a8       0x2c ./Inc/usart.o
                0x080007a8                UART2_SendString
 .text.USART2_config
                0x080007d4       0xe0 ./Inc/usart.o
                0x080007d4                USART2_config
 .text.UART_getchar
                0x080008b4       0x24 ./Inc/usart.o
                0x080008b4                UART_getchar
 .text.main     0x080008d8       0x78 ./Src/main.o
                0x080008d8                main
 .text.print_menu
                0x08000950       0x3c ./Src/main.o
                0x08000950                print_menu
 .text.Reset_Handler
                0x0800098c       0x50 ./Startup/startup_stm32f446retx.o
                0x0800098c                Reset_Handler
 .text.Default_Handler
                0x080009dc        0x2 ./Startup/startup_stm32f446retx.o
                0x080009dc                RTC_Alarm_IRQHandler
                0x080009dc                EXTI2_IRQHandler
                0x080009dc                TIM8_CC_IRQHandler
                0x080009dc                SPDIF_Rx_IRQHandler
                0x080009dc                DebugMon_Handler
                0x080009dc                SPI4_IRQHandler
                0x080009dc                TIM1_CC_IRQHandler
                0x080009dc                QuadSPI_IRQHandler
                0x080009dc                DMA2_Stream5_IRQHandler
                0x080009dc                HardFault_Handler
                0x080009dc                DMA1_Stream5_IRQHandler
                0x080009dc                SysTick_Handler
                0x080009dc                PVD_IRQHandler
                0x080009dc                SDIO_IRQHandler
                0x080009dc                TAMP_STAMP_IRQHandler
                0x080009dc                PendSV_Handler
                0x080009dc                NMI_Handler
                0x080009dc                CAN2_RX1_IRQHandler
                0x080009dc                EXTI3_IRQHandler
                0x080009dc                TIM8_TRG_COM_TIM14_IRQHandler
                0x080009dc                TIM1_UP_TIM10_IRQHandler
                0x080009dc                FMPI2C1_error_IRQHandler
                0x080009dc                TIM8_UP_TIM13_IRQHandler
                0x080009dc                I2C3_ER_IRQHandler
                0x080009dc                EXTI0_IRQHandler
                0x080009dc                I2C2_EV_IRQHandler
                0x080009dc                DMA1_Stream2_IRQHandler
                0x080009dc                CAN1_RX0_IRQHandler
                0x080009dc                OTG_HS_WKUP_IRQHandler
                0x080009dc                UsageFault_Handler
                0x080009dc                CAN2_SCE_IRQHandler
                0x080009dc                DMA2_Stream2_IRQHandler
                0x080009dc                SPI1_IRQHandler
                0x080009dc                TIM6_DAC_IRQHandler
                0x080009dc                TIM1_BRK_TIM9_IRQHandler
                0x080009dc                DCMI_IRQHandler
                0x080009dc                CAN2_RX0_IRQHandler
                0x080009dc                DMA2_Stream3_IRQHandler
                0x080009dc                FMPI2C1_IRQHandler
                0x080009dc                SAI2_IRQHandler
                0x080009dc                USART6_IRQHandler
                0x080009dc                USART3_IRQHandler
                0x080009dc                CAN1_RX1_IRQHandler
                0x080009dc                UART5_IRQHandler
                0x080009dc                DMA2_Stream0_IRQHandler
                0x080009dc                TIM4_IRQHandler
                0x080009dc                I2C1_EV_IRQHandler
                0x080009dc                HDMI_CEC_IRQHandler
                0x080009dc                DMA1_Stream6_IRQHandler
                0x080009dc                DMA1_Stream1_IRQHandler
                0x080009dc                UART4_IRQHandler
                0x080009dc                TIM3_IRQHandler
                0x080009dc                RCC_IRQHandler
                0x080009dc                TIM8_BRK_TIM12_IRQHandler
                0x080009dc                Default_Handler
                0x080009dc                EXTI15_10_IRQHandler
                0x080009dc                ADC_IRQHandler
                0x080009dc                DMA1_Stream7_IRQHandler
                0x080009dc                TIM7_IRQHandler
                0x080009dc                CAN2_TX_IRQHandler
                0x080009dc                TIM5_IRQHandler
                0x080009dc                DMA2_Stream7_IRQHandler
                0x080009dc                I2C3_EV_IRQHandler
                0x080009dc                EXTI9_5_IRQHandler
                0x080009dc                RTC_WKUP_IRQHandler
                0x080009dc                SPI2_IRQHandler
                0x080009dc                OTG_HS_EP1_IN_IRQHandler
                0x080009dc                MemManage_Handler
                0x080009dc                DMA1_Stream0_IRQHandler
                0x080009dc                CAN1_TX_IRQHandler
                0x080009dc                SVC_Handler
                0x080009dc                EXTI4_IRQHandler
                0x080009dc                OTG_HS_EP1_OUT_IRQHandler
                0x080009dc                WWDG_IRQHandler
                0x080009dc                TIM2_IRQHandler
                0x080009dc                OTG_FS_WKUP_IRQHandler
                0x080009dc                TIM1_TRG_COM_TIM11_IRQHandler
                0x080009dc                OTG_HS_IRQHandler
                0x080009dc                EXTI1_IRQHandler
                0x080009dc                USART2_IRQHandler
                0x080009dc                I2C2_ER_IRQHandler
                0x080009dc                DMA2_Stream1_IRQHandler
                0x080009dc                CAN1_SCE_IRQHandler
                0x080009dc                FLASH_IRQHandler
                0x080009dc                DMA2_Stream4_IRQHandler
                0x080009dc                BusFault_Handler
                0x080009dc                USART1_IRQHandler
                0x080009dc                OTG_FS_IRQHandler
                0x080009dc                SPI3_IRQHandler
                0x080009dc                DMA1_Stream4_IRQHandler
                0x080009dc                I2C1_ER_IRQHandler
                0x080009dc                FMC_IRQHandler
                0x080009dc                DMA2_Stream6_IRQHandler
                0x080009dc                SAI1_IRQHandler
                0x080009dc                DMA1_Stream3_IRQHandler
 *fill*         0x080009de        0x2 
 .text.__libc_init_array
                0x080009e0       0x48 C:/ST/STM32CubeIDE_1.15.1/STM32CubeIDE/plugins/com.st.stm32cube.ide.mcu.externaltools.gnu-tools-for-stm32.12.3.rel1.win32_1.0.100.202403111256/tools/bin/../lib/gcc/arm-none-eabi/12.3.1/../../../../arm-none-eabi/lib/thumb/v7e-m/nofp\libc_nano.a(libc_a-init.o)
                0x080009e0                __libc_init_array
 *(.glue_7)
 .glue_7        0x08000a28        0x0 linker stubs
 *(.glue_7t)
 .glue_7t       0x08000a28        0x0 linker stubs
 *(.eh_frame)
 .eh_frame      0x08000a28        0x0 C:/ST/STM32CubeIDE_1.15.1/STM32CubeIDE/plugins/com.st.stm32cube.ide.mcu.externaltools.gnu-tools-for-stm32.12.3.rel1.win32_1.0.100.202403111256/tools/bin/../lib/gcc/arm-none-eabi/12.3.1/thumb/v7e-m/nofp/crtbegin.o
 *(.init)
 .init          0x08000a28        0x4 C:/ST/STM32CubeIDE_1.15.1/STM32CubeIDE/plugins/com.st.stm32cube.ide.mcu.externaltools.gnu-tools-for-stm32.12.3.rel1.win32_1.0.100.202403111256/tools/bin/../lib/gcc/arm-none-eabi/12.3.1/thumb/v7e-m/nofp/crti.o
                0x08000a28                _init
 .init          0x08000a2c        0x8 C:/ST/STM32CubeIDE_1.15.1/STM32CubeIDE/plugins/com.st.stm32cube.ide.mcu.externaltools.gnu-tools-for-stm32.12.3.rel1.win32_1.0.100.202403111256/tools/bin/../lib/gcc/arm-none-eabi/12.3.1/thumb/v7e-m/nofp/crtn.o
 *(.fini)
 .fini          0x08000a34        0x4 C:/ST/STM32CubeIDE_1.15.1/STM32CubeIDE/plugins/com.st.stm32cube.ide.mcu.externaltools.gnu-tools-for-stm32.12.3.rel1.win32_1.0.100.202403111256/tools/bin/../lib/gcc/arm-none-eabi/12.3.1/thumb/v7e-m/nofp/crti.o
                0x08000a34                _fini
 .fini          0x08000a38        0x8 C:/ST/STM32CubeIDE_1.15.1/STM32CubeIDE/plugins/com.st.stm32cube.ide.mcu.externaltools.gnu-tools-for-stm32.12.3.rel1.win32_1.0.100.202403111256/tools/bin/../lib/gcc/arm-none-eabi/12.3.1/thumb/v7e-m/nofp/crtn.o
                0x08000a40                        . = ALIGN (0x4)
                0x08000a40                        _etext = .

.vfp11_veneer   0x08000a40        0x0
 .vfp11_veneer  0x08000a40        0x0 linker stubs

.v4_bx          0x08000a40        0x0
 .v4_bx         0x08000a40        0x0 linker stubs

.iplt           0x08000a40        0x0
 .iplt          0x08000a40        0x0 C:/ST/STM32CubeIDE_1.15.1/STM32CubeIDE/plugins/com.st.stm32cube.ide.mcu.externaltools.gnu-tools-for-stm32.12.3.rel1.win32_1.0.100.202403111256/tools/bin/../lib/gcc/arm-none-eabi/12.3.1/thumb/v7e-m/nofp/crtbegin.o

.rodata         0x08000a40      0x100
                0x08000a40                        . = ALIGN (0x4)
 *(.rodata)
 .rodata        0x08000a40       0x57 ./Inc/pwm.o
 *fill*         0x08000a97        0x1 
 .rodata        0x08000a98       0xa8 ./Src/main.o
 *(.rodata*)
                0x08000b40                        . = ALIGN (0x4)

.ARM.extab      0x08000b40        0x0
                0x08000b40                        . = ALIGN (0x4)
 *(.ARM.extab* .gnu.linkonce.armextab.*)
                0x08000b40                        . = ALIGN (0x4)

.ARM            0x08000b40        0x0
                0x08000b40                        . = ALIGN (0x4)
                0x08000b40                        __exidx_start = .
 *(.ARM.exidx*)
                0x08000b40                        __exidx_end = .
                0x08000b40                        . = ALIGN (0x4)

.preinit_array  0x08000b40        0x0
                0x08000b40                        . = ALIGN (0x4)
                0x08000b40                        PROVIDE (__preinit_array_start = .)
 *(.preinit_array*)
                0x08000b40                        PROVIDE (__preinit_array_end = .)
                0x08000b40                        . = ALIGN (0x4)

.init_array     0x08000b40        0x4
                0x08000b40                        . = ALIGN (0x4)
                0x08000b40                        PROVIDE (__init_array_start = .)
 *(SORT_BY_NAME(.init_array.*))
 *(.init_array*)
 .init_array    0x08000b40        0x4 C:/ST/STM32CubeIDE_1.15.1/STM32CubeIDE/plugins/com.st.stm32cube.ide.mcu.externaltools.gnu-tools-for-stm32.12.3.rel1.win32_1.0.100.202403111256/tools/bin/../lib/gcc/arm-none-eabi/12.3.1/thumb/v7e-m/nofp/crtbegin.o
                0x08000b44                        PROVIDE (__init_array_end = .)
                0x08000b44                        . = ALIGN (0x4)

.fini_array     0x08000b44        0x4
                0x08000b44                        . = ALIGN (0x4)
                [!provide]                        PROVIDE (__fini_array_start = .)
 *(SORT_BY_NAME(.fini_array.*))
 *(.fini_array*)
 .fini_array    0x08000b44        0x4 C:/ST/STM32CubeIDE_1.15.1/STM32CubeIDE/plugins/com.st.stm32cube.ide.mcu.externaltools.gnu-tools-for-stm32.12.3.rel1.win32_1.0.100.202403111256/tools/bin/../lib/gcc/arm-none-eabi/12.3.1/thumb/v7e-m/nofp/crtbegin.o
                [!provide]                        PROVIDE (__fini_array_end = .)
                0x08000b48                        . = ALIGN (0x4)
                0x08000b48                        _sidata = LOADADDR (.data)

.rel.dyn        0x08000b48        0x0
 .rel.iplt      0x08000b48        0x0 C:/ST/STM32CubeIDE_1.15.1/STM32CubeIDE/plugins/com.st.stm32cube.ide.mcu.externaltools.gnu-tools-for-stm32.12.3.rel1.win32_1.0.100.202403111256/tools/bin/../lib/gcc/arm-none-eabi/12.3.1/thumb/v7e-m/nofp/crtbegin.o

.data           0x20000000        0x0 load address 0x08000b48
                0x20000000                        . = ALIGN (0x4)
                0x20000000                        _sdata = .
 *(.data)
 *(.data*)
 *(.RamFunc)
 *(.RamFunc*)
                0x20000000                        . = ALIGN (0x4)
                0x20000000                        _edata = .

.igot.plt       0x20000000        0x0 load address 0x08000b48
 .igot.plt      0x20000000        0x0 C:/ST/STM32CubeIDE_1.15.1/STM32CubeIDE/plugins/com.st.stm32cube.ide.mcu.externaltools.gnu-tools-for-stm32.12.3.rel1.win32_1.0.100.202403111256/tools/bin/../lib/gcc/arm-none-eabi/12.3.1/thumb/v7e-m/nofp/crtbegin.o
                0x20000000                        . = ALIGN (0x4)

.bss            0x20000000       0x1c load address 0x08000b48
                0x20000000                        _sbss = .
                0x20000000                        __bss_start__ = _sbss
 *(.bss)
 .bss           0x20000000       0x1c C:/ST/STM32CubeIDE_1.15.1/STM32CubeIDE/plugins/com.st.stm32cube.ide.mcu.externaltools.gnu-tools-for-stm32.12.3.rel1.win32_1.0.100.202403111256/tools/bin/../lib/gcc/arm-none-eabi/12.3.1/thumb/v7e-m/nofp/crtbegin.o
 *(.bss*)
 *(COMMON)
                0x2000001c                        . = ALIGN (0x4)
                0x2000001c                        _ebss = .
                0x2000001c                        __bss_end__ = _ebss

._user_heap_stack
                0x2000001c      0x604 load address 0x08000b48
                0x20000020                        . = ALIGN (0x8)
 *fill*         0x2000001c        0x4 
                [!provide]                        PROVIDE (end = .)
                0x20000020                        PROVIDE (_end = .)
                0x20000220                        . = (. + _Min_Heap_Size)
 *fill*         0x20000020      0x200 
                0x20000620                        . = (. + _Min_Stack_Size)
 *fill*         0x20000220      0x400 
                0x20000620                        . = ALIGN (0x8)

/DISCARD/
 libc.a(*)
 libm.a(*)
 libgcc.a(*)

.ARM.attributes
                0x00000000       0x2a
 *(.ARM.attributes)
 .ARM.attributes
                0x00000000       0x1e C:/ST/STM32CubeIDE_1.15.1/STM32CubeIDE/plugins/com.st.stm32cube.ide.mcu.externaltools.gnu-tools-for-stm32.12.3.rel1.win32_1.0.100.202403111256/tools/bin/../lib/gcc/arm-none-eabi/12.3.1/thumb/v7e-m/nofp/crti.o
 .ARM.attributes
                0x0000001e       0x2e C:/ST/STM32CubeIDE_1.15.1/STM32CubeIDE/plugins/com.st.stm32cube.ide.mcu.externaltools.gnu-tools-for-stm32.12.3.rel1.win32_1.0.100.202403111256/tools/bin/../lib/gcc/arm-none-eabi/12.3.1/thumb/v7e-m/nofp/crtbegin.o
 .ARM.attributes
                0x0000004c       0x2e ./Inc/button.o
 .ARM.attributes
                0x0000007a       0x2e ./Inc/clock.o
 .ARM.attributes
                0x000000a8       0x2e ./Inc/led.o
 .ARM.attributes
                0x000000d6       0x2e ./Inc/pwm.o
 .ARM.attributes
                0x00000104       0x2e ./Inc/usart.o
 .ARM.attributes
                0x00000132       0x2e ./Src/main.o
 .ARM.attributes
                0x00000160       0x21 ./Startup/startup_stm32f446retx.o
 .ARM.attributes
                0x00000181       0x2e C:/ST/STM32CubeIDE_1.15.1/STM32CubeIDE/plugins/com.st.stm32cube.ide.mcu.externaltools.gnu-tools-for-stm32.12.3.rel1.win32_1.0.100.202403111256/tools/bin/../lib/gcc/arm-none-eabi/12.3.1/../../../../arm-none-eabi/lib/thumb/v7e-m/nofp\libc_nano.a(libc_a-init.o)
 .ARM.attributes
                0x000001af       0x1e C:/ST/STM32CubeIDE_1.15.1/STM32CubeIDE/plugins/com.st.stm32cube.ide.mcu.externaltools.gnu-tools-for-stm32.12.3.rel1.win32_1.0.100.202403111256/tools/bin/../lib/gcc/arm-none-eabi/12.3.1/thumb/v7e-m/nofp\libgcc.a(_arm_addsubsf3.o)
 .ARM.attributes
                0x000001cd       0x1e C:/ST/STM32CubeIDE_1.15.1/STM32CubeIDE/plugins/com.st.stm32cube.ide.mcu.externaltools.gnu-tools-for-stm32.12.3.rel1.win32_1.0.100.202403111256/tools/bin/../lib/gcc/arm-none-eabi/12.3.1/thumb/v7e-m/nofp\libgcc.a(_arm_fixunssfsi.o)
 .ARM.attributes
                0x000001eb       0x1e C:/ST/STM32CubeIDE_1.15.1/STM32CubeIDE/plugins/com.st.stm32cube.ide.mcu.externaltools.gnu-tools-for-stm32.12.3.rel1.win32_1.0.100.202403111256/tools/bin/../lib/gcc/arm-none-eabi/12.3.1/thumb/v7e-m/nofp/crtn.o
OUTPUT(FINALPROJECT.elf elf32-littlearm)
LOAD linker stubs
LOAD C:/ST/STM32CubeIDE_1.15.1/STM32CubeIDE/plugins/com.st.stm32cube.ide.mcu.externaltools.gnu-tools-for-stm32.12.3.rel1.win32_1.0.100.202403111256/tools/bin/../lib/gcc/arm-none-eabi/12.3.1/../../../../arm-none-eabi/lib/thumb/v7e-m/nofp\libc.a
LOAD C:/ST/STM32CubeIDE_1.15.1/STM32CubeIDE/plugins/com.st.stm32cube.ide.mcu.externaltools.gnu-tools-for-stm32.12.3.rel1.win32_1.0.100.202403111256/tools/bin/../lib/gcc/arm-none-eabi/12.3.1/../../../../arm-none-eabi/lib/thumb/v7e-m/nofp\libm.a
LOAD C:/ST/STM32CubeIDE_1.15.1/STM32CubeIDE/plugins/com.st.stm32cube.ide.mcu.externaltools.gnu-tools-for-stm32.12.3.rel1.win32_1.0.100.202403111256/tools/bin/../lib/gcc/arm-none-eabi/12.3.1/thumb/v7e-m/nofp\libgcc.a

.debug_info     0x00000000     0x1359
 .debug_info    0x00000000      0x324 ./Inc/button.o
 .debug_info    0x00000324      0x2ec ./Inc/clock.o
 .debug_info    0x00000610      0x3a2 ./Inc/led.o
 .debug_info    0x000009b2      0x46c ./Inc/pwm.o
 .debug_info    0x00000e1e      0x3d6 ./Inc/usart.o
 .debug_info    0x000011f4      0x135 ./Src/main.o
 .debug_info    0x00001329       0x30 ./Startup/startup_stm32f446retx.o

.debug_abbrev   0x00000000      0x641
 .debug_abbrev  0x00000000       0xcf ./Inc/button.o
 .debug_abbrev  0x000000cf       0xb5 ./Inc/clock.o
 .debug_abbrev  0x00000184      0x15a ./Inc/led.o
 .debug_abbrev  0x000002de      0x125 ./Inc/pwm.o
 .debug_abbrev  0x00000403      0x130 ./Inc/usart.o
 .debug_abbrev  0x00000533       0xea ./Src/main.o
 .debug_abbrev  0x0000061d       0x24 ./Startup/startup_stm32f446retx.o

.debug_aranges  0x00000000      0x138
 .debug_aranges
                0x00000000       0x30 ./Inc/button.o
 .debug_aranges
                0x00000030       0x20 ./Inc/clock.o
 .debug_aranges
                0x00000050       0x38 ./Inc/led.o
 .debug_aranges
                0x00000088       0x28 ./Inc/pwm.o
 .debug_aranges
                0x000000b0       0x38 ./Inc/usart.o
 .debug_aranges
                0x000000e8       0x28 ./Src/main.o
 .debug_aranges
                0x00000110       0x28 ./Startup/startup_stm32f446retx.o

.debug_rnglists
                0x00000000       0xca
 .debug_rnglists
                0x00000000       0x1f ./Inc/button.o
 .debug_rnglists
                0x0000001f       0x14 ./Inc/clock.o
 .debug_rnglists
                0x00000033       0x25 ./Inc/led.o
 .debug_rnglists
                0x00000058       0x1a ./Inc/pwm.o
 .debug_rnglists
                0x00000072       0x26 ./Inc/usart.o
 .debug_rnglists
                0x00000098       0x19 ./Src/main.o
 .debug_rnglists
                0x000000b1       0x19 ./Startup/startup_stm32f446retx.o

.debug_macro    0x00000000     0xce9e
 .debug_macro   0x00000000      0x1be ./Inc/button.o
 .debug_macro   0x000001be      0xaae ./Inc/button.o
 .debug_macro   0x00000c6c       0x24 ./Inc/button.o
 .debug_macro   0x00000c90       0x22 ./Inc/button.o
 .debug_macro   0x00000cb2       0x5b ./Inc/button.o
 .debug_macro   0x00000d0d       0x94 ./Inc/button.o
 .debug_macro   0x00000da1       0x43 ./Inc/button.o
 .debug_macro   0x00000de4       0x34 ./Inc/button.o
 .debug_macro   0x00000e18       0x16 ./Inc/button.o
 .debug_macro   0x00000e2e      0x11c ./Inc/button.o
 .debug_macro   0x00000f4a       0x94 ./Inc/button.o
 .debug_macro   0x00000fde       0x16 ./Inc/button.o
 .debug_macro   0x00000ff4       0x43 ./Inc/button.o
 .debug_macro   0x00001037       0x57 ./Inc/button.o
 .debug_macro   0x0000108e       0x34 ./Inc/button.o
 .debug_macro   0x000010c2       0x10 ./Inc/button.o
 .debug_macro   0x000010d2       0x58 ./Inc/button.o
 .debug_macro   0x0000112a       0x8e ./Inc/button.o
 .debug_macro   0x000011b8       0x1c ./Inc/button.o
 .debug_macro   0x000011d4      0x177 ./Inc/button.o
 .debug_macro   0x0000134b      0x369 ./Inc/button.o
 .debug_macro   0x000016b4       0x16 ./Inc/button.o
 .debug_macro   0x000016ca       0x29 ./Inc/button.o
 .debug_macro   0x000016f3       0x1c ./Inc/button.o
 .debug_macro   0x0000170f       0x35 ./Inc/button.o
 .debug_macro   0x00001744       0x10 ./Inc/button.o
 .debug_macro   0x00001754       0x1c ./Inc/button.o
 .debug_macro   0x00001770       0x16 ./Inc/button.o
 .debug_macro   0x00001786      0x146 ./Inc/button.o
 .debug_macro   0x000018cc       0x28 ./Inc/button.o
 .debug_macro   0x000018f4      0x103 ./Inc/button.o
 .debug_macro   0x000019f7       0x6a ./Inc/button.o
 .debug_macro   0x00001a61      0x1df ./Inc/button.o
 .debug_macro   0x00001c40       0x1c ./Inc/button.o
 .debug_macro   0x00001c5c       0x22 ./Inc/button.o
 .debug_macro   0x00001c7e      0x107 ./Inc/button.o
 .debug_macro   0x00001d85     0x1057 ./Inc/button.o
 .debug_macro   0x00002ddc      0x11f ./Inc/button.o
 .debug_macro   0x00002efb     0x9699 ./Inc/button.o
 .debug_macro   0x0000c594       0xdb ./Inc/clock.o
 .debug_macro   0x0000c66f       0x8e ./Inc/clock.o
 .debug_macro   0x0000c6fd       0x51 ./Inc/clock.o
 .debug_macro   0x0000c74e      0x1d8 ./Inc/led.o
 .debug_macro   0x0000c926       0x61 ./Inc/led.o
 .debug_macro   0x0000c987       0xdd ./Inc/pwm.o
 .debug_macro   0x0000ca64       0xc9 ./Inc/usart.o
 .debug_macro   0x0000cb2d      0x19c ./Src/main.o
 .debug_macro   0x0000ccc9       0x16 ./Src/main.o
 .debug_macro   0x0000ccdf       0x9e ./Src/main.o
 .debug_macro   0x0000cd7d      0x10b ./Src/main.o
 .debug_macro   0x0000ce88       0x16 ./Src/main.o

.debug_line     0x00000000     0x237b
 .debug_line    0x00000000      0x66c ./Inc/button.o
 .debug_line    0x0000066c      0x513 ./Inc/clock.o
 .debug_line    0x00000b7f      0x6c6 ./Inc/led.o
 .debug_line    0x00001245      0x52f ./Inc/pwm.o
 .debug_line    0x00001774      0x585 ./Inc/usart.o
 .debug_line    0x00001cf9      0x607 ./Src/main.o
 .debug_line    0x00002300       0x7b ./Startup/startup_stm32f446retx.o

.debug_str      0x00000000    0x453a5
 .debug_str     0x00000000    0x4517b ./Inc/button.o
                              0x45398 (size before relaxing)
 .debug_str     0x0004517b       0x77 ./Inc/clock.o
                              0x41866 (size before relaxing)
 .debug_str     0x000451f2       0x4d ./Inc/led.o
                              0x453cf (size before relaxing)
 .debug_str     0x0004523f       0xa5 ./Inc/pwm.o
                              0x418ec (size before relaxing)
 .debug_str     0x000452e4       0x5d ./Inc/usart.o
                              0x4189b (size before relaxing)
 .debug_str     0x00045341       0x25 ./Src/main.o
                               0x78df (size before relaxing)
 .debug_str     0x00045366       0x3f ./Startup/startup_stm32f446retx.o
                                 0x7f (size before relaxing)

.comment        0x00000000       0x43
 .comment       0x00000000       0x43 ./Inc/button.o
                                 0x44 (size before relaxing)
 .comment       0x00000043       0x44 ./Inc/clock.o
 .comment       0x00000043       0x44 ./Inc/led.o
 .comment       0x00000043       0x44 ./Inc/pwm.o
 .comment       0x00000043       0x44 ./Inc/usart.o
 .comment       0x00000043       0x44 ./Src/main.o

.debug_frame    0x00000000      0x31c
 .debug_frame   0x00000000       0x70 ./Inc/button.o
 .debug_frame   0x00000070       0x30 ./Inc/clock.o
 .debug_frame   0x000000a0       0xa0 ./Inc/led.o
 .debug_frame   0x00000140       0x54 ./Inc/pwm.o
 .debug_frame   0x00000194       0x9c ./Inc/usart.o
 .debug_frame   0x00000230       0x50 ./Src/main.o
 .debug_frame   0x00000280       0x2c C:/ST/STM32CubeIDE_1.15.1/STM32CubeIDE/plugins/com.st.stm32cube.ide.mcu.externaltools.gnu-tools-for-stm32.12.3.rel1.win32_1.0.100.202403111256/tools/bin/../lib/gcc/arm-none-eabi/12.3.1/../../../../arm-none-eabi/lib/thumb/v7e-m/nofp\libc_nano.a(libc_a-init.o)
 .debug_frame   0x000002ac       0x4c C:/ST/STM32CubeIDE_1.15.1/STM32CubeIDE/plugins/com.st.stm32cube.ide.mcu.externaltools.gnu-tools-for-stm32.12.3.rel1.win32_1.0.100.202403111256/tools/bin/../lib/gcc/arm-none-eabi/12.3.1/thumb/v7e-m/nofp\libgcc.a(_arm_addsubsf3.o)
 .debug_frame   0x000002f8       0x24 C:/ST/STM32CubeIDE_1.15.1/STM32CubeIDE/plugins/com.st.stm32cube.ide.mcu.externaltools.gnu-tools-for-stm32.12.3.rel1.win32_1.0.100.202403111256/tools/bin/../lib/gcc/arm-none-eabi/12.3.1/thumb/v7e-m/nofp\libgcc.a(_arm_fixunssfsi.o)

.debug_line_str
                0x00000000       0x63
 .debug_line_str
                0x00000000       0x63 ./Startup/startup_stm32f446retx.o
